2gqq-a1-m2-cA_2gqq-a1-m2-cC
2gqq-a1-m2-cA_2gqq-a1-m2-cD
2gqq-a1-m2-cD_2gqq-a1-m2-cC
6duq-a2-m1-cB_6duq-a2-m1-cC
7add-a1-m1-cU_7add-a1-m1-cV
