2gqq-a1-m2-cA_2gqq-a1-m2-cC	Crystal Structure of E. coli Leucine-responsive regulatory protein (Lrp)	P0ACJ0	P0ACJ0	3.2	X-RAY DIFFRACTION	26	1.0	562 (Escherichia coli)	562 (Escherichia coli)
2gqq-a1-m2-cA_2gqq-a1-m2-cD	Crystal Structure of E. coli Leucine-responsive regulatory protein (Lrp)	P0ACJ0	P0ACJ0	3.2	X-RAY DIFFRACTION	25	1.0	562 (Escherichia coli)	562 (Escherichia coli)
2gqq-a1-m2-cD_2gqq-a1-m2-cC	Crystal Structure of E. coli Leucine-responsive regulatory protein (Lrp)	P0ACJ0	P0ACJ0	3.2	X-RAY DIFFRACTION	206	1.0	562 (Escherichia coli)	562 (Escherichia coli)
6duq-a2-m1-cB_6duq-a2-m1-cC	Structure of a Rho-NusG KOW domain complex	P0AG30	P0AG30	3.7	X-RAY DIFFRACTION	73	1.0	656419 (Escherichia coli M718)	656419 (Escherichia coli M718)
7add-a1-m1-cU_7add-a1-m1-cV	Transcription termination intermediate complex IIIa	P0A7Z4	P0A7Z4	4.3	ELECTRON MICROSCOPY	131	0.996	562 (Escherichia coli)	562 (Escherichia coli)
